[christopher.su/index.html]
[backblue.gif]
[fade.gif]
[index.html]
[christopher.su/cdn-cgi/apps/head/Md70coOFj-W1ipSNpRLrMg41doI.js]
[christopher.su/assets/css/home_v2.css]
[christopher.su/public/favicon.ico]
[christopher.su/atom.xml]
[christopher.su/assets/js/p.js]
[christopher.su/contact/index.html]
[christopher.su/projects/index.html]
[christopher.su/about/index.html]
[www.google-analytics.com/analytics.js]
[christopher.su/index.html]
[christopher.su/assets/css/home_v2.css]
[christopher.su/index/index.html]
[christopher.su/about/index.html]
[christopher.su/public/css/custom.css]
[christopher.su/blog/index.html]
[christopher.su/books/index.html]
[christopher.su/resume/index.html]
[christopher.su/hackathons/index.html]
[christopher.su/assets/css/projects.css]
[christopher.su/projects/tech-node.js]
[christopher.su/projects/translator/index.html]
[christopher.su/projects/index.html]
[christopher.su/assets/js/projects.js]
[christopher.su/key.txt]
[christopher.su/contact/wechat.jpg]
[christopher.su/contact/telegram.png]
[christopher.su/contact/index.html]
[christopher.su/index/index.html]
[christopher.su/public/css/custom.css]
[christopher.su/archive/index.html]
[christopher.su/assets/uploads/2016/progress/snippet.jpg]
[christopher.su/notes/index.html]
[christopher.su/interview/swe/index.html]
[christopher.su/interview/pm/index.html]
[christopher.su/national-history-day-website-resources/index.html]
[christopher.su/2016/install-koken-ec2/index.html]
[christopher.su/2016/making-progress/index.html]
[christopher.su/assets/uploads/2016/progress/filesystem.jpg]
[christopher.su/assets/uploads/2016/progress/editor.jpg]
[christopher.su/cdn-cgi/l/email-protection.html]
[christopher.su/2015/wildcard-email-forwarding/index.html]
[christopher.su/assets/uploads/2015/11/mailgun/1.jpg]
[christopher.su/blog/index.html]
[christopher.su/hackathons/index.html]
[christopher.su/books/index.html]
[christopher.su/resume.pdf]
[christopher.su/resume/Su_Christopher_Resume.png]
[christopher.su/resume/index.html]
[christopher.su/assets/css/projects.css]
[christopher.su/projects/tech-node.html]
[christopher.su/projects/translator/img/translate-status-1.jpg]
[christopher.su/projects/translator/img/translate-status-2.jpg]
[christopher.su/projects/translator/img/translate-other-status-1.jpg]
[christopher.su/projects/translator/img/translate-other-status-2.jpg]
[christopher.su/projects/translator/img/translate-other-status-3.jpg]
[christopher.su/projects/translator/index.html]
[christopher.su/archive/index.html]
[christopher.su/2015/text-announcements/index.html]
[christopher.su/2015/gollum-tricks/index.html]
[christopher.su/2015/selenium-chromedriver-ubuntu/index.html]
[christopher.su/notes/index.html]
[christopher.su/2014/maos-great-famine-quick-reference-bar/index.html]
[christopher.su/2014/tracking-analyzing-website-traffic-google-analytics/index.html]
[christopher.su/2014/wordpress-ghost-jekyll/index.html]
[christopher.su/2014/code-every-day/index.html]
[christopher.su/2014/uploading-files-weebly-file-element/index.html]
[christopher.su/interview/swe/index.html]
[christopher.su/2014/compressing-image-files-save-space/index.html]
[christopher.su/2014/recording-interview-audio-video/index.html]
[christopher.su/2014/create-custom-weebly-theme/index.html]
[christopher.su/interview/pm/index.html]
[christopher.su/2013/fixing-gmail-archive-delete-key-apple-mail-mavericks/index.html]
[christopher.su/2013/fixing-ruby-mac-os-mavericks/index.html]
[christopher.su/national-history-day-website-resources/index.html]
[christopher.su/2013/last-fm-fails-properly-import-play-count-itunes/index.html]
[christopher.su/2013/text-visible-blends-background/index.html]
[christopher.su/2016/install-koken-ec2/index.html]
[christopher.su/2013/saving-pocket-links-file-day-dropbox-ifttt-launchd/index.html]
[christopher.su/2013/pairing-nxt-bricks-bluetooth-robotc-virtual-machine-mac/index.html]
[christopher.su/2013/removing-post-comment-counts-clean-archives-reloaded/index.html]
[christopher.su/2016/making-progress/index.html]
[christopher.su/2012/changing-bookmarks-based-date/index.html]
[christopher.su/2012/increment-decrement-bookmarklets/index.html]
[christopher.su/2015/wildcard-email-forwarding/index.html]
[christopher.su/2012/day-one-to-gollum/index.html]
[christopher.su/2012/automatically-committing-git-textmate/index.html]
[christopher.su/cdn-cgi/l/email-protection.html]
[christopher.su/2012/embedding-documents-google-docs/index.html]
[christopher.su/2012/maos-great-famine-interactive-data-map/index.html]
[christopher.su/2012/markdown-mac/index.html]
[christopher.su/blog/page2/index.html]
[christopher.su/2012/beginning-ios-development-apache-cordova/index.html]
[christopher.su/2012/photoshop-photomerge-yunnan/index.html]
[christopher.su/2015/text-announcements/index.html]
[christopher.su/2012/photographs-yunnan/index.html]
[christopher.su/2012/adobe-lightroom-4-retina-macbook-pro/index.html]
[christopher.su/2015/gollum-tricks/index.html]
[christopher.su/2012/review-pdfpenpro/index.html]
[christopher.su/2012/export-school-specific-delegation-lists-mun-sql/index.html]
[christopher.su/2012/playing-wordpress-categories-tags-simply-exclude-page-templates/index.html]
[christopher.su/2015/selenium-chromedriver-ubuntu/index.html]
[christopher.su/2012/starting-yii-php-framework/index.html]
[christopher.su/2012/migrating-ios-certificates-profiles/index.html]
[christopher.su/2014/code-every-day/index.html]
[christopher.su/2012/importing-plain-text-files-day-date-created/index.html]
[christopher.su/2012/acquiring-growl-notifications-shell/index.html]
[christopher.su/2014/wordpress-ghost-jekyll/index.html]
[christopher.su/2012/dropbox-linux/index.html]
[christopher.su/2012/encrypt-archives-gpg-openssl/index.html]
[christopher.su/2012/singularity-cms-single-php-file/index.html]
[christopher.su/2012/creating-mac-applications-shell-scripts/index.html]
[christopher.su/2012/system-tweaks-mac-experience/index.html]
[christopher.su/2012/svbtle-clones-playing-wordpress-svbtle/index.html]
[christopher.su/notes/js/index.html]
[christopher.su/assets/uploads/Screen-Shot-2014-01-25-at-2.57.07-PM.jpg]
[christopher.su/notes/go/index.html]
[christopher.su/notes/git/index.html]
[christopher.su/notes/mac/index.html]
[christopher.su/assets/uploads/Screen-Shot-2014-01-25-at-2.57.07-PM-1024x539.jpg]
[christopher.su/2014/tracking-analyzing-website-traffic-google-analytics/index.html]
[christopher.su/interview/swe/implement-data-structures/index.html]
[christopher.su/interview/swe/implement-algorithms/index.html]
[christopher.su/2014/maos-great-famine-quick-reference-bar/index.html]
[christopher.su/interview/swe/2-sum/index.html]
[christopher.su/interview/swe/3-sum/index.html]
[christopher.su/interview/swe/bulgarian-solitaire/index.html]
[christopher.su/interview/swe/find-triplicate/index.html]
[christopher.su/interview/swe/four-colinear-points/index.html]
[christopher.su/assets/uploads/Screen-Shot-2014-01-23-at-1.49.00-PM.jpg]
[christopher.su/interview/swe/knights-tour/index.html]
[christopher.su/interview/swe/linked-list-cycle/index.html]
[christopher.su/interview/swe/making-change/index.html]
[christopher.su/assets/uploads/Screen-Shot-2014-01-23-at-1.49.00-PM-1024x226.jpg]
[christopher.su/2014/uploading-files-weebly-file-element/index.html]
[christopher.su/interview/swe/verify-balanced-tree/index.html]
[christopher.su/interview/swe/swapped-bst-nodes/index.html]
[christopher.su/2014/recording-interview-audio-video/index.html]
[christopher.su/interview/swe/verify-binary-search-tree/index.html]
[christopher.su/assets/uploads/Screen-Shot-2014-01-23-at-1.48.52-PM.jpg]
[christopher.su/assets/uploads/Screen-Shot-2014-01-23-at-1.48.52-PM-618x1024.jpg]
[christopher.su/assets/uploads/Screen-Shot-2014-01-23-at-1.54.47-PM.jpg]
[christopher.su/assets/uploads/Screen-Shot-2014-01-23-at-1.54.47-PM-1024x567.jpg]
[christopher.su/2014/create-custom-weebly-theme/index.html]
[christopher.su/assets/uploads/Screen-Shot-2014-01-25-at-3.07.25-PM.jpg]
[christopher.su/assets/uploads/Screen-Shot-2014-01-25-at-3.07.25-PM-220x300.jpg]
[christopher.su/assets/uploads/Screen-Shot-2014-01-25-at-3.08.19-PM.jpg]
[christopher.su/assets/uploads/Screen-Shot-2014-01-25-at-3.08.19-PM-300x218.jpg]
[christopher.su/assets/uploads/Screen-Shot-2014-01-25-at-3.08.37-PM.jpg]
[christopher.su/assets/uploads/Screen-Shot-2014-01-23-at-1.11.42-PM.jpg]
[christopher.su/assets/uploads/Screen-Shot-2014-01-23-at-1.13.53-PM.jpg]
[christopher.su/2014/compressing-image-files-save-space/index.html]
[christopher.su/assets/uploads/Screen-Shot-2013-10-29-at-11.00.26-PM.jpg]
[christopher.su/assets/uploads/Screen-Shot-2013-10-29-at-11.00.26-PM-1024x341.jpg]
[christopher.su/assets/uploads/Screen-Shot-2013-10-30-at-11.10.47-AM-1024x469.jpg]
[christopher.su/assets/uploads/Screen-Shot-2013-10-29-at-11.05.09-PM.jpg]
[christopher.su/assets/uploads/Screen-Shot-2013-10-30-at-11.20.47-AM.jpg]
[christopher.su/2013/fixing-gmail-archive-delete-key-apple-mail-mavericks/index.html]
[christopher.su/2013/fixing-ruby-mac-os-mavericks/index.html]
[christopher.su/assets/uploads/Screen-Shot-2013-08-05-at-11.11.46-PM.jpg]
[christopher.su/assets/uploads/Screen-Shot-2013-08-05-at-11.11.46-PM-1024x474.jpg]
[christopher.su/2013/last-fm-fails-properly-import-play-count-itunes/index.html]
[christopher.su/assets/uploads/Screen-Shot-2013-07-21-at-3.40.01-PM.jpg]
[christopher.su/assets/uploads/Screen-Shot-2013-07-21-at-3.40.01-PM-1024x358.jpg]
[christopher.su/assets/uploads/Screen-Shot-2013-07-21-at-3.40.33-PM.jpg]
[christopher.su/assets/uploads/Screen-Shot-2013-07-21-at-3.40.33-PM-522x1024.jpg]
[christopher.su/assets/uploads/Screen-Shot-2013-07-21-at-3.40.43-PM.jpg]
[christopher.su/assets/uploads/Screen-Shot-2013-07-21-at-3.40.43-PM-1024x835.jpg]
[christopher.su/assets/uploads/Screen-Shot-2013-07-21-at-3.40.44-PM.jpg]
[christopher.su/assets/uploads/Screen-Shot-2013-07-21-at-3.40.44-PM-1024x337.jpg]
[christopher.su/2013/text-visible-blends-background/index.html]
[christopher.su/assets/uploads/Screen-Shot-2013-02-28-at-9.59.27-AM.jpg]
[christopher.su/assets/uploads/Screen-Shot-2013-02-28-at-9.59.27-AM-1024x640.jpg]
[christopher.su/assets/uploads/Screen-Shot-2013-02-27-at-8.58.06-PM.jpg]
[christopher.su/assets/uploads/Screen-Shot-2013-02-25-at-12.47.58-PM.jpg]
[christopher.su/assets/uploads/Screen-Shot-2013-02-25-at-12.47.58-PM-1024x803.jpg]
[christopher.su/assets/uploads/Screen-Shot-2013-02-25-at-12.44.54-PM.jpg]
[christopher.su/assets/uploads/Screen-Shot-2013-02-25-at-12.44.54-PM-1024x640.jpg]
[christopher.su/2013/pairing-nxt-bricks-bluetooth-robotc-virtual-machine-mac/index.html]
[christopher.su/assets/uploads/Screen-Shot-2013-03-27-at-3.00.23-PM.jpg]
[christopher.su/2013/saving-pocket-links-file-day-dropbox-ifttt-launchd/index.html]
[christopher.su/2013/removing-post-comment-counts-clean-archives-reloaded/index.html]
[christopher.su/2012/changing-bookmarks-based-date/index.html]
[christopher.su/2012/increment-decrement-bookmarklets/index.html]
[christopher.su/2012/automatically-committing-git-textmate/index.html]
[christopher.su/2012/day-one-to-gollum/index.html]
[christopher.su/assets/uploads/2012/10/Screen-Shot-2012-10-21-at-9.10.22-AM-1024x530.jpg]
[christopher.su/2012/embedding-documents-google-docs/index.html]
[christopher.su/assets/js/jquery-1.10.2.min.js]
[christopher.su/assets/uploads/2012/10/Screen-Shot-2012-10-20-at-9.55.23-PM-1024x506.jpg]
[christopher.su/2012/maos-great-famine-interactive-data-map/index.html]
[christopher.su/2012/markdown-mac/index.html]
[christopher.su/2012/beginning-ios-development-apache-cordova/index.html]
[christopher.su/assets/uploads/2012/09/Christopher_Su-panorama-Edit.jpg]
[christopher.su/assets/uploads/2012/09/Christopher_Su-panorama-Edit-1024x144.jpg]
[christopher.su/2012/photoshop-photomerge-yunnan/index.html]
[christopher.su/assets/uploads/2012/09/Christopher_Su-IMG_1085-Edit.jpg]
[christopher.su/assets/uploads/2012/09/Christopher_Su-IMG_1085-Edit-150x150.jpg]
[christopher.su/assets/uploads/2012/09/Christopher_Su-IMG_1196-Edit.jpg]
[christopher.su/assets/uploads/2012/09/Christopher_Su-IMG_1196-Edit-150x150.jpg]
[christopher.su/assets/uploads/2012/09/Christopher_Su-IMG_1036-Edit.jpg]
[christopher.su/assets/uploads/2012/09/Christopher_Su-IMG_1036-Edit-150x150.jpg]
[christopher.su/assets/uploads/2012/09/IMG_1108.jpg]
[christopher.su/assets/uploads/2012/09/IMG_1108-150x150.jpg]
[christopher.su/assets/uploads/2012/09/Christopher_Su-IMG_0512-Edit.jpg]
[christopher.su/assets/uploads/2012/09/Christopher_Su-IMG_0512-Edit-150x150.jpg]
[christopher.su/assets/uploads/2012/09/Christopher_Su-IMG_1173.jpg]
[christopher.su/assets/uploads/2012/09/Christopher_Su-IMG_1173-150x150.jpg]
[christopher.su/assets/uploads/2012/09/Christopher_Su-IMG_1239-Edit.jpg]
[christopher.su/assets/uploads/2012/09/Christopher_Su-IMG_1239-Edit-150x150.jpg]
[christopher.su/assets/uploads/2012/09/Christopher_Su-IMG_1079-Edit.jpg]
[christopher.su/assets/uploads/2012/09/Christopher_Su-IMG_1079-Edit-150x150.jpg]
[christopher.su/assets/uploads/2012/09/Christopher_Su-IMG_0535-Edit.jpg]
[christopher.su/assets/uploads/2012/09/Christopher_Su-IMG_0535-Edit-150x150.jpg]
[christopher.su/assets/uploads/2012/09/Christopher_Su-IMG_0720-Edit.jpg]
[christopher.su/assets/uploads/2012/09/Christopher_Su-IMG_0720-Edit-150x150.jpg]
[christopher.su/2012/photographs-yunnan/index.html]
[christopher.su/2012/adobe-lightroom-4-retina-macbook-pro/index.html]
[christopher.su/assets/uploads/2012/09/Screen-Shot-2012-09-20-at-12.14.37-PM.jpg]
[christopher.su/assets/uploads/2012/09/Screen-Shot-2012-09-20-at-12.14.37-PM-271x300.jpg]
[christopher.su/assets/uploads/2012/09/Screen-Shot-2012-09-20-at-12.13.11-PM.jpg]
[christopher.su/assets/uploads/2012/09/Screen-Shot-2012-09-20-at-12.13.11-PM-300x167.jpg]
[christopher.su/assets/uploads/2012/09/Screen-Shot-2012-09-20-at-10.38.25-AM.jpg]
[christopher.su/assets/uploads/2012/09/Screen-Shot-2012-09-20-at-10.38.25-AM-300x201.jpg]
[christopher.su/assets/uploads/2012/09/Screen-Shot-2012-09-20-at-12.15.37-PM.jpg]
[christopher.su/assets/uploads/2012/09/Screen-Shot-2012-09-20-at-12.46.31-PM.jpg]
[christopher.su/assets/uploads/2012/09/Screen-Shot-2012-09-20-at-12.46.31-PM-300x192.jpg]
[christopher.su/assets/uploads/2012/09/Screen-Shot-2012-09-20-at-12.46.33-PM.jpg]
[christopher.su/assets/uploads/2012/09/Screen-Shot-2012-09-20-at-12.46.33-PM-128x300.jpg]
[christopher.su/2012/review-pdfpenpro/index.html]
[christopher.su/2012/export-school-specific-delegation-lists-mun-sql/index.html]
[christopher.su/2012/playing-wordpress-categories-tags-simply-exclude-page-templates/index.html]
[christopher.su/2012/starting-yii-php-framework/index.html]
[christopher.su/assets/uploads/2012/09/Screen-Shot-2012-09-01-at-8.18.50-PM-e1346502764538.jpg]
[christopher.su/2012/migrating-ios-certificates-profiles/index.html]
[christopher.su/2012/importing-plain-text-files-day-date-created/index.html]
[christopher.su/2012/acquiring-growl-notifications-shell/index.html]
[christopher.su/2012/dropbox-linux/index.html]
[christopher.su/2012/encrypt-archives-gpg-openssl/index.html]
[christopher.su/2012/creating-mac-applications-shell-scripts/index.html]
[christopher.su/assets/uploads/2012/08/singularity-1024x170.jpg]
[christopher.su/2012/singularity-cms-single-php-file/index.html]
[christopher.su/assets/uploads/2012/08/Screen-Shot-2012-08-26-at-1.29.40-PM-e1345959461888.jpg]
[christopher.su/2012/system-tweaks-mac-experience/index.html]
[christopher.su/2012/svbtle-clones-playing-wordpress-svbtle/index.html]
[christopher.su/notes/js/index.html]
[christopher.su/notes/go/index.html]
[christopher.su/notes/git/index.html]
[christopher.su/notes/mac/index.html]
[christopher.su/notes/go/append-strings/index.html]
[christopher.su/notes/js/private-members-other-contexts/index.html]
[cdn-images.mailchimp.com/embedcode/horizontal-slim-10_7.css]
[christopher.su/notes/go/dot-dot-dot/index.html]
[christopher.su/notes/git/rename-capitalization/index.html]
[christopher.su/notes/git/cherry-pick-commit/index.html]
[christopher.su/interview/index.html]
[christopher.su/notes/git/count-lines-changed/index.html]
[christopher.su/notes/git/delete-branch-local-remote/index.html]
[christopher.su/interview/swe/implement-algorithms/index.html]
[christopher.su/notes/git/web-interface/index.html]
[christopher.su/notes/git/diff-branches/index.html]
[christopher.su/notes/git/move-commit-another-branch/index.html]
[christopher.su/interview/swe/implement-data-structures/index.html]
[christopher.su/notes/git/rebase-on-pull/index.html]
[christopher.su/notes/git/remove-submodule/index.html]
[christopher.su/notes/git/remove-staged/index.html]
[christopher.su/notes/git/revert-local-to-remote/index.html]
[christopher.su/notes/git/squash-commits/index.html]
[christopher.su/notes/git/undo-last-commit/index.html]
[christopher.su/notes/mac/batch-convert-png-to-jpg/index.html]
[christopher.su/notes/mac/iterm-broadcast/index.html]
[christopher.su/interview/swe/2-sum/index.html]
[christopher.su/interview/swe/3-sum/index.html]
[christopher.su/interview/swe/bulgarian-solitaire/index.html]
[christopher.su/interview/swe/find-triplicate/index.html]
[christopher.su/interview/swe/four-colinear-points/index.html]
[christopher.su/interview/swe/knights-tour/index.html]
[christopher.su/interview/swe/linked-list-cycle/index.html]
[christopher.su/interview/swe/making-change/index.html]
[christopher.su/interview/swe/swapped-bst-nodes/index.html]
[christopher.su/interview/swe/verify-balanced-tree/index.html]
[christopher.su/interview/swe/verify-binary-search-tree/index.html]
[christopher.su/notes/js/private-members-other-contexts/index.html]
[christopher.su/notes/go/append-strings/index.html]
[christopher.su/notes/go/dot-dot-dot/index.html]
[christopher.su/notes/git/rename-capitalization/index.html]
[christopher.su/notes/git/cherry-pick-commit/index.html]
[christopher.su/notes/git/count-lines-changed/index.html]
[christopher.su/notes/git/delete-branch-local-remote/index.html]
[christopher.su/notes/git/diff-branches/index.html]
[christopher.su/notes/git/web-interface/index.html]
[christopher.su/notes/git/move-commit-another-branch/index.html]
[christopher.su/notes/git/rebase-on-pull/index.html]
[christopher.su/notes/git/remove-staged/index.html]
[christopher.su/notes/git/remove-submodule/index.html]
[christopher.su/notes/git/revert-local-to-remote/index.html]
[christopher.su/notes/git/squash-commits/index.html]
[christopher.su/notes/git/undo-last-commit/index.html]
[christopher.su/notes/mac/batch-convert-png-to-jpg/index.html]
[christopher.su/notes/mac/iterm-broadcast/index.html]
[cdn.mathjax.org/mathjax/latest/MathJaxdda6.js]
